../Core/Src/main.c:73:6:HAL_TIM_PeriodElapsedCallback	16	static
../Core/Src/main.c:87:5:main	8	static
../Core/Src/main.c:147:6:SystemClock_Config	120	static
../Core/Src/main.c:193:13:MX_TIM2_Init	40	static
../Core/Src/main.c:238:13:MX_USART1_UART_Init	8	static
../Core/Src/main.c:273:13:MX_USART2_UART_Init	8	static
../Core/Src/main.c:308:13:MX_USART3_UART_Init	8	static
../Core/Src/main.c:341:13:MX_DMA_Init	16	static
../Core/Src/main.c:362:13:MX_GPIO_Init	48	static
../Core/Src/main.c:402:6:Error_Handler	4	static,ignoring_inline_asm
